../Core/Src/motorcontroller.c:34:6:initMotorControl	16	static
../Core/Src/motorcontroller.c:99:6:HAL_I2C_MemRxCpltCallback	0	static
../Core/Src/motorcontroller.c:154:6:updateTorque	32	static
../Core/Src/motorcontroller.c:106:6:updatePosition	40	static
../Core/Src/motorcontroller.c:141:6:updateSpeed	24	static
../Core/Src/motorcontroller.c:75:6:update	16	static
../Core/Src/motorcontroller.c:227:6:enableMotor	8	static
../Core/Src/motorcontroller.c:233:6:calibrateOffset	24	static
../Core/Src/motorcontroller.c:265:6:setMode	0	static
../Core/Src/motorcontroller.c:270:20:getMode	0	static
../Core/Src/motorcontroller.c:275:9:getPower	0	static
../Core/Src/motorcontroller.c:280:6:setDirection	0	static
../Core/Src/motorcontroller.c:285:6:setPowerLimit	0	static
../Core/Src/motorcontroller.c:290:6:setPower	0	static
../Core/Src/motorcontroller.c:295:6:setTarget	0	static
../Core/Src/motorcontroller.c:300:9:get_meas_angle	16	static
../Core/Src/motorcontroller.c:309:6:setnewData	0	static
