../Core/Src/stm32g0xx_hal_msp.c:66:6:HAL_MspInit	8	static
../Core/Src/stm32g0xx_hal_msp.c:89:6:HAL_ADC_MspInit	48	static
../Core/Src/stm32g0xx_hal_msp.c:147:6:HAL_ADC_MspDeInit	8	static
../Core/Src/stm32g0xx_hal_msp.c:183:6:HAL_I2C_MspInit	72	static
../Core/Src/stm32g0xx_hal_msp.c:233:6:HAL_I2C_MspDeInit	8	static
../Core/Src/stm32g0xx_hal_msp.c:266:6:HAL_TIM_Base_MspInit	16	static
../Core/Src/stm32g0xx_hal_msp.c:304:6:HAL_TIM_MspPostInit	48	static
../Core/Src/stm32g0xx_hal_msp.c:366:6:HAL_TIM_Base_MspDeInit	0	static
